// Jest Snapshot v1, https://goo.gl/fbAQLP

exports[`Uniswap UX Tests gas: Approvals Cost for infinite approval of permit2/swaprouter02 contract 1`] = `
Object {
  "calldataByteLength": 68,
  "gasUsed": 55725,
}
`;

exports[`Uniswap UX Tests gas: Comparisons One Time Swapper - Simple Swap Permit2 Max Approval Swap 1`] = `353108`;

exports[`Uniswap UX Tests gas: Comparisons One Time Swapper - Simple Swap Permit2 Sign Per Swap 1`] = `353044`;

exports[`Uniswap UX Tests gas: Comparisons One Time Swapper - Simple Swap SwapRouter02 1`] = `307310`;
